Executing C:\Program Files\Java\jdk-24\bin\java -Dcodescan.httpclient.version= -jar c:\Users\magmo\.vscode\extensions\codescansf.codescan-vscode-2.1.1\server\sonarlint-ls.jar -stdio
[Warn  - 22:39:53.435] Embedded plugin not found: C
[Warn  - 22:39:53.458] Embedded plugin not found: HTML
[Warn  - 22:39:53.458] Embedded plugin not found: JavaScript
[Warn  - 22:39:53.458] Embedded plugin not found: XML
[Warn  - 22:39:53.458] Embedded plugin not found: Secrets
[Warn  - 22:39:53.459] Embedded plugin not found: Go
[Warn  - 22:39:53.460] Embedded plugin not found: CloudFormation
[Warn  - 22:39:53.737] Embedded plugin not found: C
[Warn  - 22:39:53.737] Embedded plugin not found: HTML
[Warn  - 22:39:53.738] Embedded plugin not found: JavaScript
[Warn  - 22:39:53.738] Embedded plugin not found: XML
[Warn  - 22:39:53.739] Embedded plugin not found: Secrets
[Warn  - 22:39:53.739] Embedded plugin not found: Go
[Warn  - 22:39:53.740] Embedded plugin not found: CloudFormation
[Error - 22:39:53.927] No CodeScan connections defined for your binding with id 'newtestorg'. Please update your settings.
[Info  - 22:40:00.726] Started embedded server on port 64123
[Error - 22:40:00.860] No CodeScan connections defined for your binding with id 'newtestorg'. Please update your settings.
[Error - 22:40:00.863] The specified connection id 'newtestorg' doesn't exist.
[Error - 22:40:00.865] Invalid binding for 'c:\Users\magmo\Desktop\CodeScan2\temp-workspace'
