2025-08-22 10:53:19.250 [debug] [163336d] The terminal's pty host process is starting []
2025-08-22 10:53:21.473 [trace] [163336d] Reconnected to local terminals []
2025-08-22 10:53:21.473 [trace] [163336d] Pty host ready []
2025-08-22 10:53:21.478 [trace] [163336d] terminalInstance#ctor (instanceId: 1) [{"attachPersistentProcess":{"id":1,"title":"","titleSource":1,"pid":-1,"workspaceId":"163336d2aa6a6500a2495a8f3ebbb07b","workspaceName":"temp-workspace","cwd":"C:\\Users\\magmo\\Desktop\\CodeScan2\\temp-workspace","isOrphan":true,"icon":{"id":"terminal","defaults":{"fontCharacter":"\\ea85"}},"environmentVariableCollections":[["vscode.git",[["GIT_ASKPASS",{"variable":"GIT_ASKPASS","value":"e:\\Users\\magmo\\AppData\\Local\\Programs\\Microsoft VS Code\\resources\\app\\extensions\\git\\dist\\askpass.sh","type":1,"options":{"applyAtProcessCreation":true,"applyAtShellIntegration":false}}],["VSCODE_GIT_ASKPASS_NODE",{"variable":"VSCODE_GIT_ASKPASS_NODE","value":"e:\\Users\\magmo\\AppData\\Local\\Programs\\Microsoft VS Code\\Code.exe","type":1,"options":{"applyAtProcessCreation":true,"applyAtShellIntegration":false}}],["VSCODE_GIT_ASKPASS_EXTRA_ARGS",{"variable":"VSCODE_GIT_ASKPASS_EXTRA_ARGS","value":"","type":1,"options":{"applyAtProcessCreation":true,"applyAtShellIntegration":false}}],["VSCODE_GIT_ASKPASS_MAIN",{"variable":"VSCODE_GIT_ASKPASS_MAIN","value":"e:\\Users\\magmo\\AppData\\Local\\Programs\\Microsoft VS Code\\resources\\app\\extensions\\git\\dist\\askpass-main.js","type":1,"options":{"applyAtProcessCreation":true,"applyAtShellIntegration":false}}],["VSCODE_GIT_IPC_HANDLE",{"variable":"VSCODE_GIT_IPC_HANDLE","value":"\\\\.\\pipe\\vscode-git-400b9997ef-sock","type":1,"options":{"applyAtProcessCreation":true,"applyAtShellIntegration":false}}]],[["",{"description":"Enables the following features: git auth provider"}]]]],"hasChildProcesses":false,"shellIntegrationNonce":"920fb831-43bd-4f18-b911-c7148f1a8412"},"shellIntegrationEnvironmentReporting":false}]
2025-08-22 10:53:21.661 [debug] [163336d] Unbinding from mouse events. []
2025-08-22 10:53:21.780 [debug] [163336d] Starting pty host []
2025-08-22 10:53:21.781 [trace] [163336d] Renderer->PtyHost#connect: before acquirePort []
2025-08-22 10:53:21.829 [trace] [163336d] Webgl was loaded []
2025-08-22 10:53:21.919 [trace] [163336d] Renderer->PtyHost#connect: connection established []
2025-08-22 10:53:22.279 [debug] [163336d] Terminal process ready (shellProcessId: 13588) []
2025-08-22 10:53:22.307 [debug] [163336d] terminalInstance added capability [3]
2025-08-22 10:53:22.606 [debug] [163336d] parsing data "PS C:\Users\magmo\Desktop\CodeScan2\temp-workspace>[1C[93mcan
[39;7m * [104;27m History restored [0m

PS C:\Users\magmo\Desktop\CodeScan2\temp-workspace> 
[7m * [104;27m History restored [0m

PS C:\Users\magmo\Desktop\CodeScan2\temp-workspace> 
[7m * [104;27m History restored [0m












[11A" [[80,83,32,67,58,92,85,115,101,114,115,92,109,97,103,109,111,92,68,101,115,107,116,111,112,92,67,111,100,101,83,99,97,110,50,92,116,101,109,112,45,119,111,114,107,115,112,97,99,101,62,27,91,49,67,27,91,57,51,109,99,97,110,13,10,27,91,51,57,59,55,109,32,42,32,27,91,49,48,52,59,50,55,109,32,72,105,115,116,111,114,121,32,114,101,115,116,111,114,101,100,32,27,91,48,109,13,10,13,10,80,83,32,67,58,92,85,115,101,114,115,92,109,97,103,109,111,92,68,101,115,107,116,111,112,92,67,111,100,101,83,99,97,110,50,92,116,101,109,112,45,119,111,114,107,115,112,97,99,101,62,32,13,10,27,91,55,109,32,42,32,27,91,49,48,52,59,50,55,109,32,72,105,115,116,111,114,121,32,114,101,115,116,111,114,101,100,32,27,91,48,109,13,10,13,10,80,83,32,67,58,92,85,115,101,114,115,92,109,97,103,109,111,92,68,101,115,107,116,111,112,92,67,111,100,101,83,99,97,110,50,92,116,101,109,112,45,119,111,114,107,115,112,97,99,101,62,32,13,10,27,91,55,109,32,42,32,27,91,49,48,52,59,50,55,109,32,72,105,115,116,111,114,121,32,114,101,115,116,111,114,101,100,32,27,91,48,109,13,10,13,10,13,10,13,10,13,10,13,10,13,10,13,10,13,10,13,10,13,10,13,10,13,10,27,91,49,49,65]]
2025-08-22 10:53:22.613 [debug] [163336d] terminalInstance added capability [2]
2025-08-22 10:53:22.616 [debug] [163336d] parsing data "[6n" [[27,91,54,110]]
2025-08-22 10:53:22.617 [debug] [163336d] sending data "[2;1R" [[27,91,50,59,49,82]]
2025-08-22 10:53:22.701 [debug] [163336d] parsing data "[m[K
[K
[K
[K
[K
[K
[K
[K
[K
[K
[K
[K[2;1H]0;C:\WINDOWS\System32\WindowsPowerShell\v1.0\powershell.exe[?25h" [[27,91,109,27,91,75,13,10,27,91,75,13,10,27,91,75,13,10,27,91,75,13,10,27,91,75,13,10,27,91,75,13,10,27,91,75,13,10,27,91,75,13,10,27,91,75,13,10,27,91,75,13,10,27,91,75,13,10,27,91,75,27,91,50,59,49,72,27,93,48,59,67,58,92,87,73,78,68,79,87,83,92,83,121,115,116,101,109,51,50,92,87,105,110,100,111,119,115,80,111,119,101,114,83,104,101,108,108,92,118,49,46,48,92,112,111,119,101,114,115,104,101,108,108,46,101,120,101,7,27,91,63,50,53,104]]
2025-08-22 10:53:22.812 [debug] [163336d] parsing data "[25l[K
[K
[K
[K
[K
[K
[K
[K
[K
[K
[K
[K[2;1H[?25h" [[27,91,50,53,108,27,91,75,13,10,27,91,75,13,10,27,91,75,13,10,27,91,75,13,10,27,91,75,13,10,27,91,75,13,10,27,91,75,13,10,27,91,75,13,10,27,91,75,13,10,27,91,75,13,10,27,91,75,13,10,27,91,75,27,91,50,59,49,72,27,91,63,50,53,104]]
2025-08-22 10:53:24.768 [debug] [163336d] parsing data "PS C:\Users\magmo\Desktop\CodeScan2\temp-workspace> " [[80,83,32,67,58,92,85,115,101,114,115,92,109,97,103,109,111,92,68,101,115,107,116,111,112,92,67,111,100,101,83,99,97,110,50,92,116,101,109,112,45,119,111,114,107,115,112,97,99,101,62,32]]
2025-08-22 10:54:05.401 [trace] [163336d] terminalInstance#dispose (instanceId: 1) []
2025-08-22 10:54:05.413 [debug] [163336d] Terminal process exit ["instanceId",1,"code",null,"processState",5]
