2025-08-27 22:39:41.007 [trace] [163336d] Reconnected to local terminals []
2025-08-27 22:39:41.008 [trace] [163336d] Pty host ready []
2025-08-27 22:39:42.521 [trace] [163336d] terminalInstance#ctor (instanceId: 1) [{"shellIntegrationEnvironmentReporting":false}]
2025-08-27 22:39:42.924 [debug] [163336d] Unbinding from mouse events. []
2025-08-27 22:39:43.212 [debug] [163336d] Starting pty host []
2025-08-27 22:39:43.213 [trace] [163336d] Renderer->PtyHost#connect: before acquirePort []
2025-08-27 22:39:43.348 [trace] [163336d] Webgl was loaded []
2025-08-27 22:39:43.434 [debug] [163336d] The terminal's pty host process is starting []
2025-08-27 22:39:43.442 [trace] [163336d] Renderer->PtyHost#connect: connection established []
2025-08-27 22:39:47.097 [debug] [163336d] Terminal process ready (shellProcessId: 7196) []
2025-08-27 22:39:47.105 [debug] [163336d] terminalInstance added capability [3]
2025-08-27 22:39:49.346 [debug] [163336d] parsing data "[2J[m[HPS C:\Users\magmo\Desktop\CodeScan2\temp-workspace>[1C]0;C:\WINDOWS\System32\WindowsPowerShell\v1.0\powershell.exe[?25h" [[27,91,50,74,27,91,109,27,91,72,80,83,32,67,58,92,85,115,101,114,115,92,109,97,103,109,111,92,68,101,115,107,116,111,112,92,67,111,100,101,83,99,97,110,50,92,116,101,109,112,45,119,111,114,107,115,112,97,99,101,62,27,91,49,67,27,93,48,59,67,58,92,87,73,78,68,79,87,83,92,83,121,115,116,101,109,51,50,92,87,105,110,100,111,119,115,80,111,119,101,114,83,104,101,108,108,92,118,49,46,48,92,112,111,119,101,114,115,104,101,108,108,46,101,120,101,7,27,91,63,50,53,104]]
2025-08-27 22:39:49.353 [debug] [163336d] parsing data "[25l[HPS C:\Users\magmo\Desktop\CodeScan2\temp-workspace>[K
[K
[K
[K
[K
[K
[K
[K
[K
[K
[K
[K
[K[1;53H[?25h" [[27,91,50,53,108,27,91,72,80,83,32,67,58,92,85,115,101,114,115,92,109,97,103,109,111,92,68,101,115,107,116,111,112,92,67,111,100,101,83,99,97,110,50,92,116,101,109,112,45,119,111,114,107,115,112,97,99,101,62,27,91,75,13,10,27,91,75,13,10,27,91,75,13,10,27,91,75,13,10,27,91,75,13,10,27,91,75,13,10,27,91,75,13,10,27,91,75,13,10,27,91,75,13,10,27,91,75,13,10,27,91,75,13,10,27,91,75,13,10,27,91,75,27,91,49,59,53,51,72,27,91,63,50,53,104]]
