Executing C:\Program Files\Java\jdk-24\bin\java -Dcodescan.httpclient.version= -jar c:\Users\magmo\.vscode\extensions\codescansf.codescan-vscode-2.1.1\server\sonarlint-ls.jar -stdio
[Warn  - 10:49:17.068] Embedded plugin not found: C
[Warn  - 10:49:17.088] Embedded plugin not found: HTML
[Warn  - 10:49:17.088] Embedded plugin not found: JavaScript
[Warn  - 10:49:17.088] Embedded plugin not found: XML
[Warn  - 10:49:17.088] Embedded plugin not found: Secrets
[Warn  - 10:49:17.089] Embedded plugin not found: Go
[Warn  - 10:49:17.089] Embedded plugin not found: CloudFormation
[Warn  - 10:49:17.284] Embedded plugin not found: C
[Warn  - 10:49:17.284] Embedded plugin not found: HTML
[Warn  - 10:49:17.284] Embedded plugin not found: JavaScript
[Warn  - 10:49:17.285] Embedded plugin not found: XML
[Warn  - 10:49:17.285] Embedded plugin not found: Secrets
[Warn  - 10:49:17.285] Embedded plugin not found: Go
[Warn  - 10:49:17.285] Embedded plugin not found: CloudFormation
[Info  - 10:49:23.593] Started embedded server on port 64123
[Warn  - 10:49:24.241] Plugin 'codescan' embeds dependencies. This will be deprecated soon. Plugin should be updated.
[Warn  - 10:49:24.812] Plugin 'codescanlang' embeds dependencies. This will be deprecated soon. Plugin should be updated.
[Info  - 10:49:32.958] Downloaded plugin list in 179ms
[Info  - 10:49:32.960] [SYNC] Synchronizing analyzer configuration for project 'RaulH00-CodeScan'
[Info  - 10:49:33.096] Downloaded settings in 131ms
[Info  - 10:49:33.239] [SYNC] Fetching rule set for language 'css' from profile 'c5f2f5c3-8a5b-45b4-892f-59f3f196ae9b'
[Info  - 10:49:33.403] [SYNC] Fetching rule set for language 'go' from profile 'bc1588fe-90a7-430f-b354-8eb9c24e89fa'
[Info  - 10:49:33.537] [SYNC] Fetching rule set for language 'java' from profile 'b9184a50-4a60-42b1-bef4-e2cfbebc88e4'
[Info  - 10:49:34.061] [SYNC] Fetching rule set for language 'js' from profile 'e6a1c382-0d57-4700-9081-ae0fadb03449'
[Info  - 10:49:34.231] [SYNC] Fetching rule set for language 'kotlin' from profile '077549fc-6ff5-47d1-a2da-d59a613d7588'
[Info  - 10:49:34.390] [SYNC] Fetching rule set for language 'php' from profile '8a6f555a-2721-41a5-9fc7-9c5ee720c48a'
[Info  - 10:49:34.562] [SYNC] Fetching rule set for language 'py' from profile '755816cb-7183-4b12-ba9b-cf3f42714930'
[Info  - 10:49:34.777] [SYNC] Fetching rule set for language 'sf' from profile '24e7773b-c172-4fc1-84a0-c1d5db43fed5'
[Info  - 10:49:34.930] [SYNC] Fetching rule set for language 'sfmeta' from profile '118da07d-f88a-4e24-a4c7-5f94895787db'
[Info  - 10:49:35.059] [SYNC] Fetching rule set for language 'ts' from profile '7ec72051-6d1c-4cf7-81ac-b38cf7be206e'
[Info  - 10:49:35.301] [SYNC] Fetching rule set for language 'vf' from profile '2e8b2ae4-8b17-4273-87d9-44cb3a1af7dd'
[Info  - 10:49:35.436] [SYNC] Fetching rule set for language 'web' from profile 'db241f30-28ce-4ebb-b619-3175cb1c10bd'
[Info  - 10:49:35.611] [SYNC] Synchronizing project branches for project 'RaulH00-CodeScan'
