2025-08-22 10:48:06.360 [trace] [163336d] Reconnected to local terminals []
2025-08-22 10:48:06.360 [trace] [163336d] Pty host ready []
2025-08-22 10:48:07.697 [trace] [163336d] terminalInstance#ctor (instanceId: 1) [{"shellIntegrationEnvironmentReporting":false}]
2025-08-22 10:48:08.025 [debug] [163336d] Unbinding from mouse events. []
2025-08-22 10:48:08.425 [trace] [163336d] Webgl was loaded []
2025-08-22 10:48:08.426 [debug] [163336d] Starting pty host []
2025-08-22 10:48:08.426 [trace] [163336d] Renderer->PtyHost#connect: before acquirePort []
2025-08-22 10:48:08.637 [debug] [163336d] The terminal's pty host process is starting []
2025-08-22 10:48:08.640 [trace] [163336d] Renderer->PtyHost#connect: connection established []
2025-08-22 10:48:09.360 [debug] [163336d] sending data "c" [[99]]
2025-08-22 10:48:09.469 [debug] [163336d] sending data "a" [[97]]
2025-08-22 10:48:09.960 [debug] [163336d] sending data "n" [[110]]
2025-08-22 10:48:11.128 [trace] [163336d] terminalUriLinkDetector#detect computedLinks [[]]
2025-08-22 10:48:12.018 [debug] [163336d] Terminal process ready (shellProcessId: 13784) []
2025-08-22 10:48:12.046 [debug] [163336d] terminalInstance added capability [3]
2025-08-22 10:48:14.495 [debug] [163336d] parsing data "[2J[m[HPS C:\Users\magmo\Desktop\CodeScan2\temp-workspace>[1C]0;C:\WINDOWS\System32\WindowsPowerShell\v1.0\powershell.exe[?25h" [[27,91,50,74,27,91,109,27,91,72,80,83,32,67,58,92,85,115,101,114,115,92,109,97,103,109,111,92,68,101,115,107,116,111,112,92,67,111,100,101,83,99,97,110,50,92,116,101,109,112,45,119,111,114,107,115,112,97,99,101,62,27,91,49,67,27,93,48,59,67,58,92,87,73,78,68,79,87,83,92,83,121,115,116,101,109,51,50,92,87,105,110,100,111,119,115,80,111,119,101,114,83,104,101,108,108,92,118,49,46,48,92,112,111,119,101,114,115,104,101,108,108,46,101,120,101,7,27,91,63,50,53,104]]
2025-08-22 10:48:14.677 [debug] [163336d] parsing data "[25l[HPS C:\Users\magmo\Desktop\CodeScan2\temp-workspace>[K
[K
[K
[K
[K
[K
[K
[K
[K
[K
[K
[K
[K[1;53H[?25h" [[27,91,50,53,108,27,91,72,80,83,32,67,58,92,85,115,101,114,115,92,109,97,103,109,111,92,68,101,115,107,116,111,112,92,67,111,100,101,83,99,97,110,50,92,116,101,109,112,45,119,111,114,107,115,112,97,99,101,62,27,91,75,13,10,27,91,75,13,10,27,91,75,13,10,27,91,75,13,10,27,91,75,13,10,27,91,75,13,10,27,91,75,13,10,27,91,75,13,10,27,91,75,13,10,27,91,75,13,10,27,91,75,13,10,27,91,75,13,10,27,91,75,27,91,49,59,53,51,72,27,91,63,50,53,104]]
2025-08-22 10:48:16.160 [debug] [163336d] parsing data "[?25l" [[27,91,63,50,53,108]]
2025-08-22 10:48:16.193 [debug] [163336d] parsing data "[93mc" [[27,91,57,51,109,99]]
2025-08-22 10:48:16.224 [debug] [163336d] parsing data "[m" [[27,91,109]]
2025-08-22 10:48:16.224 [debug] [163336d] parsing data "[?25h" [[27,91,63,50,53,104]]
2025-08-22 10:48:16.246 [debug] [163336d] parsing data "[?25l[93mcan[?25h" [[27,91,63,50,53,108,27,91,57,51,109,8,99,97,110,27,91,63,50,53,104]]
2025-08-22 10:48:50.800 [trace] [163336d] terminalInstance#dispose (instanceId: 1) []
2025-08-22 10:48:50.812 [debug] [163336d] Terminal process exit ["instanceId",1,"code",null,"processState",5]
