2025-08-29 09:33:47.801 [trace] [1756481] Reconnected to local terminals []
2025-08-29 09:33:47.801 [trace] [1756481] Pty host ready []
2025-08-29 09:34:59.307 [trace] [1756481] terminalInstance#ctor (instanceId: 1) [{"shellIntegrationEnvironmentReporting":false}]
2025-08-29 09:34:59.609 [debug] [1756481] Unbinding from mouse events. []
2025-08-29 09:34:59.690 [debug] [1756481] Starting pty host []
2025-08-29 09:34:59.690 [trace] [1756481] Renderer->PtyHost#connect: before acquirePort []
2025-08-29 09:34:59.753 [trace] [1756481] Webgl was loaded []
2025-08-29 09:34:59.759 [debug] [1756481] The terminal's pty host process is starting []
2025-08-29 09:34:59.836 [trace] [1756481] Renderer->PtyHost#connect: connection established []
2025-08-29 09:35:00.707 [debug] [1756481] Terminal process ready (shellProcessId: 10920) []
2025-08-29 09:35:00.715 [debug] [1756481] terminalInstance added capability [3]
2025-08-29 09:35:01.220 [debug] [1756481] parsing data "[2J[m[HPS C:\Users\magmo>[1C]0;C:\WINDOWS\System32\WindowsPowerShell\v1.0\powershell.exe[?25h" [[27,91,50,74,27,91,109,27,91,72,80,83,32,67,58,92,85,115,101,114,115,92,109,97,103,109,111,62,27,91,49,67,27,93,48,59,67,58,92,87,73,78,68,79,87,83,92,83,121,115,116,101,109,51,50,92,87,105,110,100,111,119,115,80,111,119,101,114,83,104,101,108,108,92,118,49,46,48,92,112,111,119,101,114,115,104,101,108,108,46,101,120,101,7,27,91,63,50,53,104]]
2025-08-29 09:35:01.235 [debug] [1756481] parsing data "[25l[HPS C:\Users\magmo>[K
[K
[K
[K
[K
[K
[K
[K
[K
[K
[K
[K
[K[1;20H[?25h" [[27,91,50,53,108,27,91,72,80,83,32,67,58,92,85,115,101,114,115,92,109,97,103,109,111,62,27,91,75,13,10,27,91,75,13,10,27,91,75,13,10,27,91,75,13,10,27,91,75,13,10,27,91,75,13,10,27,91,75,13,10,27,91,75,13,10,27,91,75,13,10,27,91,75,13,10,27,91,75,13,10,27,91,75,13,10,27,91,75,27,91,49,59,50,48,72,27,91,63,50,53,104]]
2025-08-29 09:35:13.321 [trace] [1756481] terminalInstance#dispose (instanceId: 1) []
2025-08-29 09:35:13.339 [debug] [1756481] Terminal process exit ["instanceId",1,"code",null,"processState",5]
